? Hugging Face token is set.
wandb token is set
Tokenised datasets loaded
LoRA model loaded
|===========================================================================|
|                  PyTorch CUDA memory summary, device ID 0                 |
|---------------------------------------------------------------------------|
|            CUDA OOMs: 0            |        cudaMalloc retries: 0         |
|===========================================================================|
|        Metric         | Cur Usage  | Peak Usage | Tot Alloc  | Tot Freed  |
|---------------------------------------------------------------------------|
| Allocated memory      |  30841 MiB |  30841 MiB |  31049 MiB | 212992 KiB |
|       from large pool |  30632 MiB |  30632 MiB |  30632 MiB |      0 KiB |
|       from small pool |    209 MiB |    209 MiB |    417 MiB | 212992 KiB |
|---------------------------------------------------------------------------|
| Active memory         |  30841 MiB |  30841 MiB |  31049 MiB | 212992 KiB |
|       from large pool |  30632 MiB |  30632 MiB |  30632 MiB |      0 KiB |
|       from small pool |    209 MiB |    209 MiB |    417 MiB | 212992 KiB |
|---------------------------------------------------------------------------|
| Requested memory      |  30841 MiB |  30841 MiB |  31049 MiB | 212992 KiB |
|       from large pool |  30632 MiB |  30632 MiB |  30632 MiB |      0 KiB |
|       from small pool |    209 MiB |    209 MiB |    417 MiB | 212992 KiB |
|---------------------------------------------------------------------------|
| GPU reserved memory   |  30850 MiB |  30850 MiB |  30850 MiB |      0 B   |
|       from large pool |  30640 MiB |  30640 MiB |  30640 MiB |      0 B   |
|       from small pool |    210 MiB |    210 MiB |    210 MiB |      0 B   |
|---------------------------------------------------------------------------|
| Non-releasable memory |      0 B   |      0 B   |      0 B   |      0 B   |
|       from large pool |      0 B   |      0 B   |      0 B   |      0 B   |
|       from small pool |      0 B   |      0 B   |      0 B   |      0 B   |
|---------------------------------------------------------------------------|
| Allocations           |     548    |     548    |     804    |     256    |
|       from large pool |     226    |     226    |     226    |       0    |
|       from small pool |     322    |     322    |     578    |     256    |
|---------------------------------------------------------------------------|
| Active allocs         |     548    |     548    |     804    |     256    |
|       from large pool |     226    |     226    |     226    |       0    |
|       from small pool |     322    |     322    |     578    |     256    |
|---------------------------------------------------------------------------|
| GPU reserved segments |       0    |       0    |       0    |       0    |
|       from large pool |       0    |       0    |       0    |       0    |
|       from small pool |       0    |       0    |       0    |       0    |
|---------------------------------------------------------------------------|
| Non-releasable allocs |       0    |       0    |       0    |       0    |
|       from large pool |       0    |       0    |       0    |       0    |
|       from small pool |       0    |       0    |       0    |       0    |
|---------------------------------------------------------------------------|
| Oversize allocations  |       0    |       0    |       0    |       0    |
|---------------------------------------------------------------------------|
| Oversize GPU segments |       0    |       0    |       0    |       0    |
|===========================================================================|

{'loss': 0.6138, 'grad_norm': 0.0, 'learning_rate': 0.00017425180598555214, 'num_tokens': 8192000.0, 'mean_token_accuracy': 0.16791183624602854, 'epoch': 0.39}
{'loss': 0.6147, 'grad_norm': 0.0, 'learning_rate': 0.00014845201238390093, 'num_tokens': 16384000.0, 'mean_token_accuracy': 0.16836715773493052, 'epoch': 0.77}
{'loss': 0.6142, 'grad_norm': 0.0, 'learning_rate': 0.00012265221878224975, 'num_tokens': 24574976.0, 'mean_token_accuracy': 0.16871466840617358, 'epoch': 1.16}
{'loss': 0.6176, 'grad_norm': 0.0, 'learning_rate': 9.685242518059856e-05, 'num_tokens': 32766976.0, 'mean_token_accuracy': 0.16946117255277932, 'epoch': 1.55}
{'loss': 0.617, 'grad_norm': 0.0, 'learning_rate': 7.105263157894737e-05, 'num_tokens': 40958976.0, 'mean_token_accuracy': 0.16741462829615922, 'epoch': 1.93}
{'loss': 0.6161, 'grad_norm': 0.0, 'learning_rate': 4.525283797729619e-05, 'num_tokens': 49149952.0, 'mean_token_accuracy': 0.1683081624135375, 'epoch': 2.32}
{'loss': 0.616, 'grad_norm': 0.0, 'learning_rate': 1.9453044375644996e-05, 'num_tokens': 57341952.0, 'mean_token_accuracy': 0.16800750681571663, 'epoch': 2.71}
{'train_runtime': 10571.056, 'train_samples_per_second': 5.866, 'train_steps_per_second': 0.367, 'train_loss': 0.6150313811405524, 'num_tokens': 63501312.0, 'mean_token_accuracy': 0.16599774253901411, 'epoch': 3.0}
Finetuning complete!
[1;34mwandb[0m: 
[1;34mwandb[0m: 🚀 View run [33mmoa_finetuning[0m at: [34mhttps://wandb.ai/annie-ch-university-of-stuttgart/liver_multitask/runs/ikcd9nm1[0m
[1;34mwandb[0m: Find logs at: [1;35mwandb/run-20250624_182049-ikcd9nm1/logs[0m

============================= JOB FEEDBACK =============================

Job ID: 3289432
Cluster: hk
User/Group: st_st191428/hk-project-p00201316
Account: hk-project-p00201316
State: COMPLETED (exit code 0)
Partition: accelerated
Nodes: 1
Cores per node: 32
Nodelist: hkn0414
CPU Utilized: 02:56:49
CPU Efficiency: 3.10% of 3-22:56:00 core-walltime
Job Wall-clock time: 02:58:00
Starttime: Tue Jun 24 18:19:07 2025
Endtime: Tue Jun 24 21:17:07 2025
Memory Utilized: 29.34 GB
Memory Efficiency: 0.00% of 0.00 MB
Energy Consumed: 8778035 Joule / 2438.34305555556 Watthours
Average node power draw: 821.913389513109 Watt
